Closure: 238 modules to compile; 186 cached boundaries
PASS 1/238 RHZeroFreeExtension.ActualDirichletTransfer (3.79s)
PASS 2/238 RHZeroFreeExtension.ActualHeckeContinuation (3.985s)
PASS 3/238 OAI.NumberTheory.DirichletL.Detector.FinalAssemblyMomentInput (4.047s)
PASS 4/238 OAI.NumberTheory.DirichletL.Energy.CertifiedExistence (4.178s)
PASS 5/238 RHZeroFreeExtension.analytic_high.PerturbedCubeNormalizer (4.858s)
PASS 6/238 OAI.NumberTheory.DirichletL.Detector.FinalAssemblySourceCount (5.478s)
PASS 7/238 OAI.NumberTheory.DirichletL.PrimeRows.NonfloorTransport (6.947s)
PASS 8/238 RHZeroFreeExtension.analytic_high.PerturbedCubeSlotExponent (3.696s)
PASS 9/238 RHZeroFreeExtension.ActualPrimitiveContinuation (3.582s)
PASS 10/238 RHZeroFreeExtension.analytic_high.PerturbedRayPoolThresholds (3.746s)
PASS 11/238 RHZeroFreeExtension.analytic_high.PerturbedSignalShift (4.483s)
PASS 12/238 OAI.NumberTheory.DirichletL.Detector.FinalAssemblyClass (5.704s)
PASS 13/238 RHZeroFreeExtension.analytic_high.PerturbedSourceBatch (4.406s)
PASS 14/238 RHZeroFreeExtension.analytic_high.PerturbedTransportCentralErrorSaving (4.375s)
PASS 15/238 RHZeroFreeExtension.analytic_high.PerturbedSignalBounds (3.677s)
PASS 16/238 RHZeroFreeExtension.analytic_high.PerturbedCentralClassArithmetic (5.801s)
PASS 17/238 RHZeroFreeExtension.analytic_high.PerturbedCubeFloorArithmetic (6.292s)
PASS 18/238 RHZeroFreeExtension.analytic_high.PerturbedSourceAmplitudeClasses (3.795s)
PASS 19/238 RHZeroFreeExtension.analytic_high.PerturbedTransportTailScales (4.031s)
PASS 20/238 RHZeroFreeExtension.analytic_high.PerturbedTransportCubeErrorSaving (5.528s)
PASS 21/238 RHZeroFreeExtension.analytic_high.PerturbedCubeFloorGlobal (4.6s)
PASS 22/238 OAI.NumberTheory.DirichletL.Detector.FinalAssemblyArithmetic (8.465s)
PASS 23/238 RHZeroFreeExtension.analytic_high.PerturbedTransportLargeDyad (4.142s)
PASS 24/238 RHZeroFreeExtension.analytic_high.PerturbedFixedNonfloorClass (6.271s)
PASS 25/238 RHZeroFreeExtension.analytic_high.PerturbedTransportSmallTail (5.304s)
PASS 26/238 RHZeroFreeExtension.analytic_high.PerturbedTransportCubeFiniteError (6.081s)
PASS 27/238 analytic_low.CompensationPower (2.688s)
PASS 28/238 OAI.NumberTheory.DirichletL.Detector.FinalAssemblyIntegral (5.034s)
PASS 29/238 RHZeroFreeExtension.analytic_high.PerturbedTransportGeometricTail (3.691s)
PASS 30/238 RHZeroFreeExtension.analytic_high.PerturbedEulerRegion (20.85s)
PASS 31/238 RHZeroFreeExtension.analytic_high.V2EulerRegion (12.577s)
PASS 32/238 analytic_low.PerturbedInverseNormalize (3.563s)
PASS 33/238 analytic_low.PerturbedCaps (4.289s)
PASS 34/238 OAI.NumberTheory.DirichletL.PrimeRows.NonfloorCollected (28.299s)
PASS 35/238 RHZeroFreeExtension.analytic_high.PerturbedGlobalCorrection (3.726s)
PASS 36/238 RHZeroFreeExtension.analytic_high.PerturbedTransportPhysicalSmallTail (4.979s)
PASS 37/238 OAI.NumberTheory.DirichletL.Detector.FinalAssemblyNormalized (4.284s)
PASS 38/238 RHZeroFreeExtension.analytic_high.PerturbedTransportLargeTail (4.581s)
PASS 39/238 RHZeroFreeExtension.analytic_high.V2GlobalCorrection (3.419s)
PASS 40/238 analytic_low.PerturbedNominalGeometry (3.161s)
PASS 41/238 RHZeroFreeExtension.ActualSourceAnalytic (2.894s)
PASS 42/238 RHZeroFreeExtension.analytic_high.PerturbedTransportLargeSaving (3.571s)
PASS 43/238 analytic_low.PerturbedRemoteMass (4.497s)
PASS 44/238 analytic_low.PerturbedNormalizer (5.258s)
PASS 45/238 OAI.NumberTheory.DirichletL.PrimeRows.HighFromMoments (8.137s)
PASS 46/238 RHZeroFreeExtension.analytic_high.PerturbedTransportPhysicalLargeTail (3.924s)
PASS 47/238 analytic_low.PerturbedReflectedExponent (5.633s)
PASS 48/238 analytic_low.PerturbedSourceScales (4.405s)
PASS 49/238 RHZeroFreeExtension.analytic_high.PerturbedTransportCanonicalTails (4.005s)
PASS 50/238 analytic_low.PerturbedUnselectedMass (4.841s)
PASS 51/238 RHZeroFreeExtension.analytic_high.PerturbedFiniteProduct (14.082s)
PASS 52/238 analytic_low.PerturbedSurvivingExponent (6.619s)
PASS 53/238 analytic_low.PerturbedSlotScales (3.235s)
PASS 54/238 geometry.CountOptimization (8.898s)
PASS 55/238 RHZeroFreeExtension.analytic_high.PerturbedTransportCanonicalReduction (5.433s)
PASS 56/238 geometry.Normalization (2.337s)
PASS 57/238 analytic_low.PerturbedBranchSum (4.147s)
PASS 58/238 RHZeroFreeExtension.analytic_high.PerturbedFiniteProductX (5.336s)
PASS 59/238 geometry.LowGeometry (5.158s)
PASS 60/238 OAI.NumberTheory.DirichletL.Detector.FinalAssemblyCollected (21.768s)
PASS 61/238 RHZeroFreeExtension.analytic_high.PerturbedTransportCanonicalCubeReduction (4.679s)
PASS 62/238 RHZeroFreeExtension.analytic_high.PerturbedPrincipalSlot (25.994s)
PASS 63/238 RHZeroFreeExtension.analytic_high.PerturbedPhysicalNormalization (4.662s)
PASS 64/238 analytic_low.PerturbedSector (5.643s)
PASS 65/238 RHZeroFreeExtension.analytic_high.PerturbedTransportCanonicalCubeChoice (3.969s)
PASS 66/238 RHZeroFreeExtension.analytic_high.PerturbedSharpProduct (3.945s)
PASS 67/238 geometry.SlotLengths (7.075s)
PASS 68/238 analytic_low.PerturbedRetained (3.682s)
PASS 69/238 OAI.NumberTheory.DirichletL.Detector.FinalAssemblyHigh (8.095s)
PASS 70/238 RHZeroFreeExtension.analytic_high.PerturbedTransportCanonicalRayCube (3.938s)
PASS 71/238 RHZeroFreeExtension.analytic_high.PerturbedPrincipalSignalComparison (9.12s)
PASS 72/238 RHZeroFreeExtension.analytic_high.PerturbedHighData (8.17s)
PASS 73/238 RHZeroFreeExtension.analytic_high.PerturbedPrincipalResidueActual (3.185s)
PASS 74/238 OAI.NumberTheory.DirichletL.Detector.FinalAssemblyFixedHigh (6.808s)
PASS 75/238 geometry.V2Optimization (10.935s)
PASS 76/238 OAI.NumberTheory.DirichletL.Detector.FinalAssembly (2.98s)
PASS 77/238 RHZeroFreeExtension.V2Conditional (2.566s)
PASS 78/238 geometry.V2AnalyticGeometry (2.638s)
PASS 79/238 analytic_low.PerturbedRetainedBudget (15.235s)
PASS 80/238 RHZeroFreeExtension.analytic_high.V2CentralExponent (3.535s)
PASS 81/238 RHZeroFreeExtension.analytic_high.V2CubeSlotExponent (3.62s)
PASS 82/238 OAI.NumberTheory.DirichletL.Detector.FinalAssemblyChosenData (4.448s)
PASS 83/238 RHZeroFreeExtension.V2SourceAnalytic (3.892s)
PASS 84/238 RHZeroFreeExtension.analytic_high.PerturbedPrincipalContours (25.847s)
PASS 85/238 RHZeroFreeExtension.analytic_high.V2CubeNormalizer (4.865s)
PASS 86/238 RHZeroFreeExtension.analytic_high.V2PhysicalNormalization (4.547s)
PASS 87/238 RHZeroFreeExtension.analytic_high.V2CentralClassArithmetic (6.006s)
PASS 88/238 RHZeroFreeExtension.analytic_high.V2CubeFloorArithmetic (6.035s)
PASS 89/238 OAI.NumberTheory.DirichletL.Detector.FinalAssemblyCertifiedBands (6.447s)
PASS 90/238 RHZeroFreeExtension.analytic_high.V2HighData (9.465s)
PASS 91/238 OAI.NumberTheory.DirichletL.Detector.FinalAssemblyUnconditional (4.206s)
PASS 92/238 RHZeroFreeExtension.analytic_high.V2CubeFloorGlobal (4.591s)
PASS 93/238 RHZeroFreeExtension.analytic_high.V2FixedNonfloorClass (5.867s)
PASS 94/238 OAI.NumberTheory.DirichletL.Hecke.ConditionalNonvanishing (3.651s)
PASS 95/238 RHZeroFreeExtension.analytic_high.V2RayPoolThresholds (4.502s)
PASS 96/238 RHZeroFreeExtension.analytic_high.V2SignalShift (4.561s)
PASS 97/238 RHZeroFreeExtension.analytic_high.PerturbedPrincipalTransport (14.468s)
PASS 98/238 OAI.NumberTheory.DirichletL.Hecke.Nonvanishing (3.605s)
PASS 99/238 RHZeroFreeExtension.analytic_high.V2TransportGeometry (4.654s)
PASS 100/238 RHZeroFreeExtension.analytic_high.V2PrincipalDomain (15.396s)
PASS 101/238 RHZeroFreeExtension.analytic_high.PerturbedPrincipalPhysical (3.936s)
PASS 102/238 RHZeroFreeExtension.analytic_high.V2Kernel (4.22s)
PASS 103/238 RHZeroFreeExtension.ActualOriginalBoundary (3.987s)
PASS 104/238 RHZeroFreeExtension.analytic_high.V2SignalBounds (5.015s)
PASS 105/238 RHZeroFreeExtension.analytic_high.V2TransportTailScales (5.307s)
PASS 106/238 RHZeroFreeExtension.analytic_high.V2TransportCentralErrorSaving (5.888s)
PASS 107/238 analytic_low.V2RemoteMass (6.237s)
PASS 108/238 RHZeroFreeExtension.analytic_high.V2TransportLargeDyad (5.614s)
PASS 109/238 RHZeroFreeExtension.analytic_high.V2TransportCubeErrorSaving (7.614s)
PASS 110/238 geometry.Endpoint (68.473s)
PASS 111/238 RHZeroFreeExtension.analytic_high.V2TransportGeometricTail (6.035s)
PASS 112/238 RHZeroFreeExtension.analytic_high.V2TransportSmallTail (6.665s)
PASS 113/238 analytic_low.PerturbedFull (24.979s)
PASS 114/238 RHZeroFreeExtension.analytic_high.PerturbedRemainderBounds (23.666s)
PASS 115/238 RHZeroFreeExtension.analytic_high.V2TransportCubeFiniteError (7.113s)
PASS 116/238 RHZeroFreeExtension.analytic_high.V2TransportLargeTail (4.738s)
PASS 117/238 RHZeroFreeExtension.analytic_high.V2TransportPhysicalSmallTail (5.446s)
PASS 118/238 RHZeroFreeExtension.analytic_high.V2FiniteProduct (26.388s)
PASS 119/238 RHZeroFreeExtension.analytic_high.PerturbedCentralExponent (7.336s)
PASS 120/238 RHZeroFreeExtension.analytic_high.V2TransportLargeSaving (3.977s)
PASS 121/238 analytic_low.V2SourceScales (6.908s)
PASS 122/238 RHZeroFreeExtension.analytic_high.PerturbedPrincipalPhysicalRemainder (7.572s)
PASS 123/238 RHZeroFreeExtension.analytic_high.PerturbedCentralScales (4.175s)
PASS 124/238 analytic_low.PerturbedFullBudget (8.222s)
PASS 125/238 geometry.ArithmeticAssembly (5.996s)
PASS 126/238 RHZeroFreeExtension.analytic_high.V2TransportPhysicalLargeTail (5.036s)
PASS 127/238 RHZeroFreeExtension.analytic_high.V2PrincipalSlot (48.018s)
PASS 128/238 analytic_low.V2SlotScales (4.304s)
PASS 129/238 RHZeroFreeExtension.analytic_high.V2FiniteProductX (10.293s)
PASS 130/238 RHZeroFreeExtension.analytic_high.PerturbedCubeFloorGlobalIntegral (5.542s)
PASS 131/238 RHZeroFreeExtension.analytic_high.V2TransportCanonicalTails (3.802s)
PASS 132/238 RHZeroFreeExtension.analytic_high.PerturbedPrincipalNormalized (8.759s)
PASS 133/238 RHZeroFreeExtension.analytic_high.V2SharpProduct (4.64s)
PASS 134/238 RHZeroFreeExtension.analytic_high.PerturbedCubeFloorNormalized (4.396s)
PASS 135/238 RHZeroFreeExtension.analytic_high.PerturbedNonfloorExponent (13.78s)
PASS 136/238 RHZeroFreeExtension.analytic_high.V2TransportCanonicalReduction (5.46s)
PASS 137/238 RHZeroFreeExtension.analytic_high.PerturbedCubeFloorSaving (5.2s)
PASS 138/238 RHZeroFreeExtension.analytic_high.PerturbedCubeProfileScale (3.874s)
PASS 139/238 RHZeroFreeExtension.analytic_high.PerturbedTransportNormalizedTransport (7.982s)
PASS 140/238 RHZeroFreeExtension.analytic_high.V2AdaptiveExponent (7.595s)
PASS 141/238 RHZeroFreeExtension.analytic_high.V2TransportCanonicalCubeReduction (6.061s)
PASS 142/238 RHZeroFreeExtension.analytic_high.PerturbedCubeFloorCollected (5.715s)
PASS 143/238 analytic_low.PerturbedGlobalBudget (22.458s)
PASS 144/238 RHZeroFreeExtension.analytic_high.V2ProfileScale (3.8s)
PASS 145/238 RHZeroFreeExtension.analytic_high.V2PrincipalSignalComparison (19.254s)
PASS 146/238 RHZeroFreeExtension.analytic_high.PerturbedFixedNonfloorArithmetic (8.561s)
PASS 147/238 RHZeroFreeExtension.analytic_high.PerturbedTransportNormalizedTransportSaving (7.816s)
PASS 148/238 RHZeroFreeExtension.analytic_high.V2TransportCanonicalCubeChoice (5.588s)
PASS 149/238 analytic_low.PerturbedMemberBudget (4.507s)
PASS 150/238 RHZeroFreeExtension.analytic_high.V2CentralScales (5.113s)
PASS 151/238 RHZeroFreeExtension.analytic_high.V2PrincipalResidueActual (4.755s)
PASS 152/238 RHZeroFreeExtension.analytic_high.PerturbedFixedNonfloorIntegral (5.748s)
PASS 153/238 RHZeroFreeExtension.analytic_high.V2TransportCanonicalRayCube (4.867s)
PASS 154/238 RHZeroFreeExtension.analytic_high.V2FixedNonfloorArithmetic (7.786s)
PASS 155/238 RHZeroFreeExtension.analytic_high.PerturbedNonfloorTransport (7.639s)
PASS 156/238 RHZeroFreeExtension.analytic_high.V2CubeFloorGlobalIntegral (4.091s)
PASS 157/238 analytic_low.PerturbedMemberGeometry (4.893s)
PASS 158/238 RHZeroFreeExtension.analytic_high.PerturbedFixedNonfloorNormalized (4.84s)
PASS 159/238 RHZeroFreeExtension.analytic_high.V2FixedNonfloorIntegral (4.78s)
PASS 160/238 RHZeroFreeExtension.analytic_high.V2CubeFloorNormalized (3.694s)
PASS 161/238 analytic_low.PerturbedFixedMember (5.532s)
PASS 162/238 RHZeroFreeExtension.analytic_high.V2FixedNonfloorNormalized (3.914s)
PASS 163/238 RHZeroFreeExtension.analytic_high.V2CubeFloorSaving (3.758s)
PASS 164/238 analytic_low.PerturbedDyads (5.102s)
PASS 165/238 RHZeroFreeExtension.analytic_high.V2CubeFloorCollected (4.621s)
PASS 166/238 analytic_low.PerturbedChoiceEnergy (4.533s)
PASS 167/238 analytic_low.PerturbedInactiveEnergy (3.23s)
PASS 168/238 RHZeroFreeExtension.analytic_high.V2PrincipalContours (48.174s)
PASS 169/238 RHZeroFreeExtension.analytic_high.PerturbedFixedNonfloorCollected (19.332s)
PASS 170/238 analytic_low.PerturbedFrozenEnergy (5.199s)
PASS 171/238 analytic_low.PerturbedCompletedFiber (4.466s)
PASS 172/238 RHZeroFreeExtension.analytic_high.PerturbedFinalAssemblyHigh (7.109s)
PASS 173/238 RHZeroFreeExtension.analytic_high.V2FixedNonfloorCollected (22.54s)
PASS 174/238 analytic_low.PerturbedCompletedRows (2.919s)
PASS 175/238 analytic_low.PerturbedOriginalEnergy (2.381s)
PASS 176/238 RHZeroFreeExtension.analytic_high.V2PrincipalTransport (17.806s)
PASS 177/238 RHZeroFreeExtension.analytic_high.V2PrincipalPhysical (2.667s)
PASS 178/238 analytic_low.PerturbedSelectedBound (8.479s)
PASS 179/238 analytic_low.PerturbedNominalEnergy (2.508s)
PASS 180/238 analytic_low.PerturbedPhysicalInverseBound (3.252s)
PASS 181/238 analytic_low.PerturbedCentralTuple (4.215s)
PASS 182/238 analytic_low.PerturbedGaussianDyad (2.862s)
PASS 183/238 analytic_low.V2CentralTuple (8.391s)
PASS 184/238 analytic_low.V2GaussianDyad (3.037s)
PASS 185/238 analytic_low.PerturbedGaussianRemote (4.387s)
PASS 186/238 RHZeroFreeExtension.analytic_high.V2RemainderBounds (20.595s)
PASS 187/238 analytic_low.PerturbedGaussianCentral (3.609s)
PASS 188/238 RHZeroFreeExtension.analytic_high.V2PrincipalPhysicalRemainder (6.189s)
PASS 189/238 analytic_low.PerturbedGaussianSum (4.207s)
PASS 190/238 analytic_low.V2GaussianRemote (8.999s)
PASS 191/238 analytic_low.PerturbedCommonBound (3.266s)
PASS 192/238 RHZeroFreeExtension.analytic_high.V2PrincipalNormalized (5.78s)
PASS 193/238 analytic_low.PerturbedWindowBound (2.969s)
PASS 194/238 analytic_low.V2GaussianCentral (5.18s)
PASS 195/238 analytic_low.PerturbedNormalized (3.35s)
PASS 196/238 analytic_low.V2GaussianSum (3.847s)
PASS 197/238 RHZeroFreeExtension.analytic_high.V2TransportNormalizedTransport (5.935s)
PASS 198/238 RHZeroFreeExtension.analytic_high.PerturbedFinalSource (2.691s)
PASS 199/238 analytic_low.V2CommonBound (4.61s)
PASS 200/238 RHZeroFreeExtension.analytic_high.V2TransportNormalizedTransportSaving (4.724s)
PASS 201/238 RHZeroFreeExtension.analytic_high.PerturbedFinalData (4.27s)
PASS 202/238 analytic_low.V2WindowBound (3.862s)
PASS 203/238 RHZeroFreeExtension.analytic_high.V2NonfloorTransport (5.574s)
PASS 204/238 RHZeroFreeExtension.moment_adapters.NaturalFixedRaySourceFixedIdeal (5.45s)
PASS 205/238 RHZeroFreeExtension.analytic_high.PerturbedFinalMomentInput (6.446s)
PASS 206/238 analytic_low.V2Normalized (4.659s)
PASS 207/238 RHZeroFreeExtension.moment_adapters.DetectorPlainSlotProfile (7.164s)
PASS 208/238 RHZeroFreeExtension.moment_adapters.DetectorMomentPrimeGeometry (7.432s)
PASS 209/238 RHZeroFreeExtension.analytic_high.V2FinalSource (3.682s)
PASS 210/238 RHZeroFreeExtension.analytic_high.V2FinalAssemblyHigh (6.689s)
PASS 211/238 RHZeroFreeExtension.moment_adapters.NaturalFixedRaySourceFreeExceptional (5.758s)
PASS 212/238 RHZeroFreeExtension.moment_adapters.DetectorEnergyInitialState (5.961s)
PASS 213/238 RHZeroFreeExtension.moment_adapters.InverseMarkedReferencePrimeGates (5.329s)
PASS 214/238 RHZeroFreeExtension.moment_adapters.DetectorPlainCapacity (5.879s)
PASS 215/238 RHZeroFreeExtension.analytic_high.V2FinalData (4.67s)
PASS 216/238 RHZeroFreeExtension.analytic_high.PerturbedFinalFixedHigh (9.687s)
PASS 217/238 RHZeroFreeExtension.moment_adapters.DetectorPlainExceptional (7.5s)
PASS 218/238 RHZeroFreeExtension.moment_adapters.InverseMarkedReferenceDeletedEnergy (6.208s)
PASS 219/238 RHZeroFreeExtension.analytic_high.V2TerminalCertificate (5.663s)
PASS 220/238 RHZeroFreeExtension.analytic_high.V2FinalMomentInput (6.592s)
PASS 221/238 RHZeroFreeExtension.analytic_high.PerturbedFinalChosenData (6.554s)
PASS 222/238 RHZeroFreeExtension.moment_adapters.DetectorPlainMarkedState (6.725s)
PASS 223/238 RHZeroFreeExtension.moment_adapters.InverseMarkedReferenceFiberEnergy (8.457s)
PASS 224/238 RHZeroFreeExtension.analytic_high.V2FinalFixedHigh (7.912s)
PASS 225/238 RHZeroFreeExtension.moment_adapters.DetectorPlainMomentParameters (4.958s)
PASS 226/238 RHZeroFreeExtension.moment_adapters.DetectorInverseMarkedField (4.868s)
PASS 227/238 RHZeroFreeExtension.analytic_high.V2FinalChosenData (4.786s)
PASS 228/238 RHZeroFreeExtension.moment_adapters.DetectorPlainUnmarkedField (5.63s)
PASS 229/238 RHZeroFreeExtension.moment_adapters.DetectorPlainMarkedFineField (6.504s)
PASS 230/238 RHZeroFreeExtension.moment_adapters.DetectorInverseFields (4.989s)
PASS 231/238 RHZeroFreeExtension.moment_adapters.DetectorPlainUnmarkedRestrictedField (5.365s)
PASS 232/238 RHZeroFreeExtension.moment_adapters.FinalAssemblyCertifiedBands (5.65s)
PASS 233/238 RHZeroFreeExtension.analytic_high.V2MomentCertificateAdapters (35.223s)
PASS 234/238 RHZeroFreeExtension.analytic_high.PerturbedFinalUnconditional (3.987s)
PASS 235/238 RHZeroFreeExtension (3.569s)
PASS 236/238 RHZeroFreeExtension.analytic_high.V2MomentCertificate (5.166s)
PASS 237/238 RHZeroFreeExtension.V2FullVerification (3.731s)
PASS 238/238 RHZeroFreeExtension.CombinedPaperVerification (4.344s)
