'QRHPalomar.allDirichlet' depends on axioms: [propext, Classical.choice, Quot.sound]
'QRHPalomar.zeta' depends on axioms: [propext, Classical.choice, Quot.sound]
'QRHPalomar.allHecke' depends on axioms: [propext, Classical.choice, Quot.sound]
'QRHPalomar.allDirichletExact' depends on axioms: [propext, Classical.choice, Quot.sound]
'QRHPalomar.zetaExact' depends on axioms: [propext, Classical.choice, Quot.sound]
'QRHPalomar.allHeckeExact' depends on axioms: [propext, Classical.choice, Quot.sound]
'QRHPalomar.existsUniqueRoot' depends on axioms: [propext, Classical.choice, Quot.sound]
'QRH.DirichletCharacter.LFunction_ne_zero_of_theta_lt_re' depends on axioms: [propext, Classical.choice, Quot.sound]
'QRH.riemannZeta_ne_zero_of_theta_lt_re' depends on axioms: [propext, Classical.choice, Quot.sound]
'QRH.Hecke.LFunction_ne_zero_of_theta_lt_re' depends on axioms: [propext, Classical.choice, Quot.sound]
'QRH.DirichletCharacter.LFunction_ne_zero_of_tightTheta_lt_re' depends on axioms: [propext,
 Classical.choice,
 Quot.sound]
'QRH.riemannZeta_ne_zero_of_tightTheta_lt_re' depends on axioms: [propext, Classical.choice, Quot.sound]
'QRH.Hecke.LFunction_ne_zero_of_tightTheta_lt_re' depends on axioms: [propext, Classical.choice, Quot.sound]
'QRH.riemannZeta_zero_re_le' depends on axioms: [propext, Classical.choice, Quot.sound]
'QRH.DirichletCharacter.zero_re_le_or_exception' depends on axioms: [propext, Classical.choice, Quot.sound]
'QRH.DirichletCharacter.zero_re_le' depends on axioms: [propext, Classical.choice, Quot.sound]
'QRH.Hecke.zero_re_le_or_exception' depends on axioms: [propext, Classical.choice, Quot.sound]
'QRH.Hecke.zero_re_le' depends on axioms: [propext, Classical.choice, Quot.sound]
'QRH.Algebraic.exists_unique_root' depends on axioms: [propext, Classical.choice, Quot.sound]
'QRH.Algebraic.limitingTheta_upper' depends on axioms: [propext, Classical.choice, Quot.sound]
'QRH.Algebraic.limitingTheta_lt_N24' depends on axioms: [propext, Classical.choice, Quot.sound]
'QRHPalomar.NativeAudit.n24Dirichlet' depends on axioms: [propext, Classical.choice, Quot.sound]
'QRHPalomar.NativeAudit.n24Zeta' depends on axioms: [propext, Classical.choice, Quot.sound]
'QRHPalomar.NativeAudit.n24Hecke' depends on axioms: [propext, Classical.choice, Quot.sound]
