Audited closure: 13821 modules; 152 fresh; 13669 source-matched caches
PASS 1/152 OAI.NumberTheory.DirichletL.ContinuationBoundaryGeneric (2.305s)
PASS 2/152 OAI.NumberTheory.DirichletL.Detector.LowGramScaleGeneric (2.427s)
PASS 3/152 OAI.NumberTheory.DirichletL.Detector.FinalAssemblyMomentInput (3.318s)
PASS 4/152 OAI.NumberTheory.DirichletL.Detector.FinalAssemblySourceCount (4.136s)
PASS 5/152 MomentAllowancePerturbed (4.776s)
PASS 6/152 OAI.NumberTheory.DirichletL.Detector.LowNominalGeometryGeneric (2.643s)
PASS 7/152 OAI.NumberTheory.DirichletL.Energy.CertifiedExistence (2.883s)
PASS 8/152 OAI.NumberTheory.DirichletL.Detector.LowReflectedLengthGeneric (3.806s)
PASS 9/152 OAI.NumberTheory.DirichletL.Detector.LowCentralGeometryGeneric (2.298s)
PASS 10/152 OAI.NumberTheory.DirichletL.Hecke.SignalIdentityBoundaryGeneric (2.683s)
PASS 11/152 FullGlobalRegion (7.966s)
PASS 12/152 OAI.NumberTheory.DirichletL.Detector.FinalAssemblyClass (4.054s)
PASS 13/152 OAI.NumberTheory.DirichletL.Detector.LowRemoteMassGeneric (2.849s)
PASS 14/152 OAI.NumberTheory.DirichletL.Detector.LowSourceScalesGeneric (2.917s)
PASS 15/152 OAI.NumberTheory.DirichletL.Detector.LowInverseNormalizeGeneric (2.67s)
PASS 16/152 OAI.NumberTheory.DirichletL.Hecke.CommonProbeBoundaryGeneric (2.614s)
PASS 17/152 EulerSigma (10.603s)
PASS 18/152 FullGlobalHolomorphic (2.917s)
PASS 19/152 OAI.NumberTheory.DirichletL.Detector.LowSlotScalesGeneric (2.665s)
PASS 20/152 OAI.NumberTheory.DirichletL.Hecke.DirichletBoundaryGeneric (2.292s)
PASS 21/152 OAI.NumberTheory.DirichletL.PrimeRows.CubeNormalizerGeneric (3.567s)
PASS 22/152 OAI.NumberTheory.DirichletL.Detector.FinalAssemblyArithmetic (5.428s)
PASS 23/152 FullGlobalCorrection (3.265s)
PASS 24/152 OAI.NumberTheory.DirichletL.Detector.LowUnselectedMassGeneric (3.073s)
PASS 25/152 OAI.NumberTheory.DirichletL.Reflection.LowCapsGeneric (2.942s)
PASS 26/152 OAI.NumberTheory.DirichletL.PrimeRows.NonfloorTransport (4.969s)
PASS 27/152 OAI.NumberTheory.DirichletL.Detector.HighRowsSelectedFirst87 (16.013s)
PASS 28/152 OAI.NumberTheory.DirichletL.QuasiPerturbationParameters (4.17s)
PASS 29/152 OAI.NumberTheory.DirichletL.Detector.FinalAssemblyIntegral (3.707s)
PASS 30/152 OAI.NumberTheory.DirichletL.Reflection.LowExponentGeneric (4.779s)
PASS 31/152 OAI.NumberTheory.DirichletL.PrimeRows.SelectedBounds87 (3.382s)
PASS 32/152 PerturbedCentralSlots (4.048s)
PASS 33/152 OAI.NumberTheory.DirichletL.Detector.FinalAssemblyNormalized (3.409s)
PASS 34/152 OAI.NumberTheory.DirichletL.Reflection.LowBranchSumGeneric (2.812s)
PASS 35/152 PerturbedBudget (7.002s)
PASS 36/152 OAI.NumberTheory.DirichletL.PrimeRows.SlotSums87 (2.805s)
PASS 37/152 PrincipalProductSigma (3.08s)
PASS 38/152 OAI.NumberTheory.DirichletL.PrimeRows.TupleSums87 (2.962s)
PASS 39/152 OAI.NumberTheory.DirichletL.Reflection.LowSectorGeneric (4.029s)
PASS 40/152 PerturbedBudgetWithSlots (4.441s)
PASS 41/152 OAI.NumberTheory.DirichletL.PrimeRows.TupleBound87 (2.868s)
PASS 42/152 OAI.NumberTheory.DirichletL.PrimeRows.NonfloorCollected (18.12s)
PASS 43/152 OAI.NumberTheory.DirichletL.Reflection.LowRetainedGeneric (2.812s)
PASS 44/152 PrincipalSlotSigma (9.176s)
PASS 45/152 OAI.NumberTheory.DirichletL.Detector.PerturbedSelectedTupleFirst87 (2.504s)
PASS 46/152 PrincipalSignalFiniteSigma (3.252s)
PASS 47/152 PerturbedCountBridge (16.837s)
PASS 48/152 OAI.NumberTheory.DirichletL.PrimeRows.HighFromMoments (6.352s)
PASS 49/152 ParametersHighDataPerturbed (8.531s)
PASS 50/152 PrincipalBoundaryB0 (3.308s)
PASS 51/152 PerturbedCentralExponent (23.878s)
PASS 52/152 OAI.NumberTheory.DirichletL.Reflection.LowRetainedBudgetGeneric (13.645s)
PASS 53/152 PrincipalSigmaAliasesV2 (4.098s)
PASS 54/152 PrincipalPoolThresholdsV2 (4.594s)
PASS 55/152 PrincipalSameSCutoffsV2 (4.915s)
PASS 56/152 OAI.NumberTheory.DirichletL.Detector.FinalAssemblyCollected (15.702s)
PASS 57/152 PrincipalGeometryPerturbedV2 (5.966s)
PASS 58/152 OAI.NumberTheory.DirichletL.Detector.SameDataCanonicalBudgets (7.036s)
PASS 59/152 PerturbedCentralBudget (4.865s)
PASS 60/152 PrincipalSignalShiftV2 (5.461s)
PASS 61/152 OAI.NumberTheory.DirichletL.Detector.FinalAssemblyHigh (7.208s)
PASS 62/152 OAI.NumberTheory.DirichletL.Detector.SameDataCanonicalFiniteCosts (5.317s)
PASS 63/152 OAI.NumberTheory.DirichletL.Detector.SameDataCanonicalTailNormalization (4.682s)
PASS 64/152 PrincipalFiniteSigmaV2 (13.899s)
PASS 65/152 PrincipalSignalBoundsV2 (4.369s)
PASS 66/152 HighFrontierTargets (2.654s)
PASS 67/152 PrincipalRegionSlotBoundsV2 (11.78s)
PASS 68/152 OAI.NumberTheory.DirichletL.PrimeRows.SameDataRowCubeSaving (5.381s)
PASS 69/152 OAI.NumberTheory.DirichletL.Detector.FinalAssemblyFixedHigh (6.306s)
PASS 70/152 OAI.NumberTheory.DirichletL.Reflection.LowFullGeneric (15.882s)
PASS 71/152 PrincipalFiniteXSigmaV2 (6.06s)
PASS 72/152 PrincipalResidueNormalizationPerturbedV2 (8.323s)
PASS 73/152 OAI.NumberTheory.DirichletL.Detector.FinalAssembly (2.896s)
PASS 74/152 OAI.NumberTheory.DirichletL.PrimeRows.SameDataFiniteCubeSaving (5.718s)
PASS 75/152 OAI.NumberTheory.DirichletL.Reflection.LowFullBudgetGeneric (5.181s)
PASS 76/152 OAI.NumberTheory.DirichletL.Detector.FinalAssemblyChosenData (3.116s)
PASS 77/152 OAI.NumberTheory.DirichletL.Detector.FinalAssemblyCertifiedBands (3.665s)
PASS 78/152 PerturbedCentralAssembly (28.369s)
PASS 79/152 PerturbedCentralBridge (3.275s)
PASS 80/152 OAI.NumberTheory.DirichletL.Reflection.LowGlobalBudgetGeneric (14.068s)
PASS 81/152 OAI.NumberTheory.DirichletL.Reflection.LowMemberBudgetGeneric (2.695s)
PASS 82/152 PrincipalContoursSigmaV2 (22.486s)
PASS 83/152 OAI.NumberTheory.DirichletL.Reflection.LowMemberGeometryGeneric (3.204s)
PASS 84/152 PerturbedMomentConstruction (16.256s)
PASS 85/152 OAI.NumberTheory.DirichletL.Reflection.LowFixedMemberGeneric (4.52s)
PASS 86/152 HighDataMomentGeometry (3.862s)
PASS 87/152 OAI.NumberTheory.DirichletL.Detector.PerturbedCountProjection (4.116s)
PASS 88/152 OAI.NumberTheory.DirichletL.Reflection.LowDyadsGeneric (3.711s)
PASS 89/152 PrincipalTransportSigmaV2 (10.964s)
PASS 90/152 PrincipalSharpWindowSupportV2 (36.287s)
PASS 91/152 OAI.NumberTheory.DirichletL.Detector.PerturbedMomentDeltaLift (4.786s)
PASS 92/152 OAI.NumberTheory.DirichletL.Reflection.LowChoiceEnergyGeneric (3.795s)
PASS 93/152 OAI.NumberTheory.DirichletL.Detector.PerturbedJointSource (4.05s)
PASS 94/152 OAI.NumberTheory.DirichletL.Reflection.LowInactiveEnergyGeneric (2.853s)
PASS 95/152 PerturbedDfirstSource (3.925s)
PASS 96/152 OAI.NumberTheory.DirichletL.Reflection.LowFrozenEnergyGeneric (4.574s)
PASS 97/152 OAI.NumberTheory.DirichletL.Detector.PerturbedSameDataCentral (5.735s)
PASS 98/152 OAI.NumberTheory.DirichletL.Reflection.LowCompletedFiberGeneric (3.112s)
PASS 99/152 PrincipalGenericRemaindersSigmaV2 (13.697s)
PASS 100/152 OAI.NumberTheory.DirichletL.Detector.PerturbedCentralMomentJoin (5.274s)
PASS 101/152 OAI.NumberTheory.DirichletL.Reflection.LowCompletedRowsGeneric (2.793s)
PASS 102/152 OAI.NumberTheory.DirichletL.Detector.PerturbedFloorFrontier (6.263s)
PASS 103/152 PrincipalRemainderPowersPerturbedV2 (3.961s)
PASS 104/152 OAI.NumberTheory.DirichletL.Reflection.LowOriginalEnergyGeneric (2.334s)
PASS 105/152 PrincipalPhysicalPerturbedV2 (5.723s)
PASS 106/152 OAI.NumberTheory.DirichletL.Detector.LowSelectedBoundGeneric (7.947s)
PASS 107/152 OAI.NumberTheory.DirichletL.Detector.LowNominalEnergyGeneric (2.438s)
PASS 108/152 PrincipalNormalizedPerturbedV2 (6.583s)
PASS 109/152 OAI.NumberTheory.DirichletL.Detector.LowPhysicalInverseBoundGeneric (3.111s)
PASS 110/152 OAI.NumberTheory.DirichletL.Detector.PerturbedFloorRows (17.288s)
PASS 111/152 OAI.NumberTheory.DirichletL.Detector.LowCentralTupleGeneric (3.788s)
PASS 112/152 OAI.NumberTheory.DirichletL.Detector.LowGaussianDyadGeneric (2.732s)
PASS 113/152 OAI.NumberTheory.DirichletL.Detector.PerturbedHighAssembly (6.801s)
PASS 114/152 OAI.NumberTheory.DirichletL.Detector.PerturbedCanonicalFrontier (8.441s)
PASS 115/152 OAI.NumberTheory.DirichletL.Detector.LowGaussianRemoteGeneric (3.877s)
PASS 116/152 OAI.NumberTheory.DirichletL.Detector.LowGaussianCentralGeneric (4.055s)
PASS 117/152 OAI.NumberTheory.DirichletL.PrimeRows.TotalELargeDyad (4.612s)
PASS 118/152 OAI.NumberTheory.DirichletL.Detector.PerturbedRemainingInterfaces (5.615s)
PASS 119/152 OAI.NumberTheory.DirichletL.Detector.LowGaussianSumGeneric (2.835s)
PASS 120/152 OAI.NumberTheory.DirichletL.Detector.PerturbedCanonicalFirst87 (8.245s)
PASS 121/152 OAI.NumberTheory.DirichletL.PrimeRows.TotalEGeometricTail (4.292s)
PASS 122/152 OAI.NumberTheory.DirichletL.Detector.LowCommonBoundGeneric (2.879s)
PASS 123/152 OAI.NumberTheory.DirichletL.Detector.PerturbedPrincipalPerCharacterInterfaces (5.183s)
PASS 124/152 OAI.NumberTheory.DirichletL.Detector.LowWindowBoundGeneric (2.884s)
PASS 125/152 OAI.NumberTheory.DirichletL.PrimeRows.First87FixedIntegral (4.901s)
PASS 126/152 OAI.NumberTheory.DirichletL.PrimeRows.TotalELargeTail (4.395s)
PASS 127/152 PrincipalSameDataGeometryV2 (4.026s)
PASS 128/152 OAI.NumberTheory.DirichletL.Detector.LowNormalizedGeneric (2.755s)
PASS 129/152 OAI.NumberTheory.DirichletL.PrimeRows.TotalELargeSaving (4.05s)
PASS 130/152 OAI.NumberTheory.DirichletL.Detector.FinalAssemblySourceGeneric (2.45s)
PASS 131/152 OAI.NumberTheory.DirichletL.PrimeRows.First87SourceTransport (4.955s)
PASS 132/152 PrincipalSameDataConsumerV2 (4.405s)
PASS 133/152 OAI.NumberTheory.DirichletL.Detector.LowHighSameProbeGeneric (2.408s)
PASS 134/152 OAI.NumberTheory.DirichletL.PrimeRows.TotalEPhysicalLargeTail (4.531s)
PASS 135/152 OAI.NumberTheory.DirichletL.Detector.LowQuasiPerturbationInstantiation (4.079s)
PASS 136/152 OAI.NumberTheory.DirichletL.PrimeRows.First87PhysicalDyad (4.611s)
PASS 137/152 PrincipalCutoffRequestV2 (4.076s)
PASS 138/152 OAI.NumberTheory.DirichletL.Detector.LowHighSameProbeGeometry (3.938s)
PASS 139/152 OAI.NumberTheory.DirichletL.PrimeRows.TotalECanonicalLargeTail (3.967s)
PASS 140/152 OAI.NumberTheory.DirichletL.PrimeRows.TotalESmallTailFirst87 (4.993s)
PASS 141/152 OAI.NumberTheory.DirichletL.Detector.LowPerturbedSourceConsumer (3.913s)
PASS 142/152 OAI.NumberTheory.DirichletL.PrimeRows.TotalEPhysicalSmallTailFirst87 (4.453s)
PASS 143/152 OAI.NumberTheory.DirichletL.Detector.PerturbedCommonProbeAssembly (4.65s)
PASS 144/152 OAI.NumberTheory.DirichletL.PrimeRows.TotalECanonicalSmallTailFirst87 (3.884s)
PASS 145/152 OAI.NumberTheory.DirichletL.Detector.SameDataCanonicalSmallTail (4.462s)
PASS 146/152 OAI.NumberTheory.DirichletL.PrimeRows.TotalECanonicalReduction (5.234s)
PASS 147/152 OAI.NumberTheory.DirichletL.Detector.SameDataCanonicalLargeTail (4.035s)
PASS 148/152 OAI.NumberTheory.DirichletL.PrimeRows.SameDataCanonicalCubeReduction (4.457s)
PASS 149/152 OAI.NumberTheory.DirichletL.PrimeRows.SameDataCanonicalCubeChoice (4.539s)
PASS 150/152 OAI.NumberTheory.DirichletL.PrimeRows.SameDataCanonicalRayCube (4.206s)
PASS 151/152 OAI.NumberTheory.DirichletL.Detector.SameDataCanonicalPhysical (4.728s)
PASS 152/152 PerturbedBoundaryMain (3.789s)
