'CombinedPaper.rational_parameters' depends on axioms: [propext, Classical.choice, Quot.sound]
'CombinedPaper.algebraic_parameters' depends on axioms: [propext, Classical.choice, Quot.sound]
'CombinedPaper.balanced_signal_matching' depends on axioms: [propext, Classical.choice, Quot.sound]
'CombinedPaper.rational_boundary' depends on axioms: [propext, Classical.choice, Quot.sound]
'CombinedPaper.algebraic_boundary' depends on axioms: [propext, Classical.choice, Quot.sound]
'CombinedPaper.boundary_order' depends on axioms: [propext, Classical.choice, Quot.sound]
'CombinedPaper.original_family_bound' depends on axioms: [propext, Classical.choice, Quot.sound]
'CombinedPaper.preliminary_family_bound' depends on axioms: [propext, Classical.choice, Quot.sound]
'CombinedPaper.rational_family_bound' depends on axioms: [propext, Classical.choice, Quot.sound]
'CombinedPaper.rational_hecke_nonzero' depends on axioms: [propext, Classical.choice, Quot.sound]
'CombinedPaper.rational_dirichlet_nonzero' depends on axioms: [propext, Classical.choice, Quot.sound]
'CombinedPaper.rational_zeta_nonzero' depends on axioms: [propext, Classical.choice, Quot.sound]
'CombinedPaper.algebraic_family_bound' depends on axioms: [propext, Classical.choice, Quot.sound]
'CombinedPaper.algebraic_hecke_nonzero' depends on axioms: [propext, Classical.choice, Quot.sound]
'CombinedPaper.algebraic_dirichlet_nonzero' depends on axioms: [propext, Classical.choice, Quot.sound]
'CombinedPaper.algebraic_zeta_nonzero' depends on axioms: [propext, Classical.choice, Quot.sound]
'CombinedPaper.original_hecke_nonzero' depends on axioms: [propext, Classical.choice, Quot.sound]
'CombinedPaper.original_dirichlet_nonzero' depends on axioms: [propext, Classical.choice, Quot.sound]
'CombinedPaper.original_zeta_nonzero' depends on axioms: [propext, Classical.choice, Quot.sound]
'CombinedPaper.rational_endpoint' depends on axioms: [propext, Classical.choice, Quot.sound]
'CombinedPaper.algebraic_endpoint' depends on axioms: [propext, Classical.choice, Quot.sound]
'CombinedPaper.scalar_obstruction' depends on axioms: [propext, Classical.choice, Quot.sound]
